
Clover EFI installer log - Sat Jul  4 17:31:27 CST 2020
Installer version: v2.4k r4173 EFI bootloader
======================================================
/dev/disk0 (internal, physical):
   #:                       TYPE NAME                    SIZE       IDENTIFIER
   0:      GUID_partition_scheme                        *250.1 GB   disk0
   1:                        EFI EFI                     209.7 MB   disk0s1
   2:                  Apple_HFS OS                      249.2 GB   disk0s2
   3:                 Apple_Boot Recovery HD             650.0 MB   disk0s3

/dev/disk1 (external, physical):
   #:                       TYPE NAME                    SIZE       IDENTIFIER
   0:      GUID_partition_scheme                        *500.1 GB   disk1
   1:                        EFI EFI                     209.7 MB   disk1s1
   2:                  Apple_HFS IOSBK                   499.8 GB   disk1s2

======================================================
Backing up EFI files

Backing up stage2 file /Volumes/OS/EFIROOTDIR/boot  to /Volumes/OS/EFI-Backups/r4173/2020-07-04-17h31/boot
Backing up /Volumes/OS/EFIROOTDIR/EFI folder to /Volumes/OS/EFI-Backups/r4173/2020-07-04-17h31/EFI
No Active Partition

Stage 0 - Writting boot0af to /dev/disk0
//usr/local/bin/fdisk440 -u -f //usr/standalone/i386/boot0af -y /dev/disk0

Stage 1 - Writting boot1f32 to /dev/rdisk0s1
dd if=/dev/rdisk0s1 count=1 bs=512 of=/tmp/origbs
boot volume format is FAT32
cp /tmp/boot1f32 /tmp/newbs
dd if=/tmp/origbs of=/tmp/newbs skip=3 seek=3 bs=1 count=87 conv=notrunc
dd if=/tmp/newbs of=/dev/rdisk0s1

Stage 2 - Written boot6 (x64) to /Volumes/EFI/boot

Removing drivers64UEFI/VBoxHfs-64.efi driver because HFSPlus driver present

======================================================
=========== Clover EFI Installation Finish ===========
======================================================
